[2025-06-22 18:04:31]   37 | INFO     | Received request for single data prediction.
[2025-06-22 18:04:31]   70 | INFO     | Creating DataFrame from input values...
[2025-06-22 18:04:31]   88 | INFO     | Input DataFrame created with shape: (1, 12)
[2025-06-22 18:04:31]   15 | INFO     | Starting prediction process...
[2025-06-22 18:04:31]   18 | INFO     | Loading preprocessor from: C:\Projects\Zomato-Delivery-Time-Prediction\Artifacts\Data_Transformation\data tranformation models\preprocessor.pkl
[2025-06-22 18:04:31]   21 | INFO     | Loading model from: C:\Projects\Zomato-Delivery-Time-Prediction\Artifacts\Model_Training\model.pkl
[2025-06-22 18:04:31]   25 | INFO     | Transforming input features...
[2025-06-22 18:04:31]   28 | INFO     | Performing prediction...
[2025-06-22 18:04:31]   31 | INFO     | Prediction completed successfully.
[2025-06-22 18:04:31]   58 | INFO     | Prediction result: 47.42
[2025-06-22 18:07:48]   90 | INFO     | CSV uploaded for batch prediction: raw_data.csv
[2025-06-22 18:07:48]   36 | INFO     | Batch prediction pipeline started.
[2025-06-22 18:07:48]   39 | INFO     | Loading feature engineering pipeline...
[2025-06-22 18:07:48]   42 | INFO     | Loaded feature engineering object from: C:\Projects\Zomato-Delivery-Time-Prediction\Artifacts\Data_Transformation\data tranformation models\feature_eng.pkl
[2025-06-22 18:07:48]   45 | INFO     | Loading preprocessor pipeline...
[2025-06-22 18:07:48]   48 | INFO     | Loaded preprocessor object from: C:\Projects\Zomato-Delivery-Time-Prediction\Artifacts\Data_Transformation\data tranformation models\preprocessor.pkl
[2025-06-22 18:07:48]   51 | INFO     | Loading model...
[2025-06-22 18:07:49]   53 | INFO     | Model loaded from: C:\Projects\Zomato-Delivery-Time-Prediction\Artifacts\Model_Training\model.pkl
[2025-06-22 18:07:49]   60 | INFO     | Raw input saved at: C:\Projects\Zomato-Delivery-Time-Prediction\batch_prediction\raw_input\input_data.csv
[2025-06-22 18:07:49]   63 | INFO     | Applying feature engineering...
[2025-06-22 18:07:49]   59 | INFO     | Initiating feature engineering on dataset...
[2025-06-22 18:07:49]   61 | DEBUG    | Dropping ID column...
[2025-06-22 18:07:49]   64 | DEBUG    | Cleaning latitude and longitude values...
[2025-06-22 18:07:49]   68 | DEBUG    | Dropping invalid latitude and longitude rows...
[2025-06-22 18:07:49]   27 | DEBUG    | Calculating distance using Haversine formula...
[2025-06-22 18:07:49]   45 | INFO     | Distance column successfully calculated and added.
[2025-06-22 18:07:49]   73 | DEBUG    | Creating 'Delivery_person_City' from ID...
[2025-06-22 18:07:50]   76 | DEBUG    | Filling missing values in Delivery_person_Ratings...
[2025-06-22 18:07:50]   79 | DEBUG    | Dropping unnecessary columns post transformation...
[2025-06-22 18:07:50]   84 | INFO     | Feature engineering completed. Returning transformed dataframe.
[2025-06-22 18:07:50]   69 | INFO     | Feature engineered data saved at: C:\Projects\Zomato-Delivery-Time-Prediction\batch_prediction\feature_eng\feature_engineered.csv
[2025-06-22 18:07:50]   74 | INFO     | Dropped target column 'Time_taken (min)' from features.
[2025-06-22 18:07:50]   79 | INFO     | Data after dropping target saved at: C:\Projects\Zomato-Delivery-Time-Prediction\batch_prediction\transformed\features_dropped_target.csv
[2025-06-22 18:07:50]   82 | INFO     | Applying preprocessing transformation...
[2025-06-22 18:07:50]   84 | INFO     | Preprocessing completed. Transformed shape: (41944, 42)
[2025-06-22 18:07:50]   87 | INFO     | Generating predictions...
[2025-06-22 18:07:52]   95 | INFO     | Batch predictions saved to: C:\Projects\Zomato-Delivery-Time-Prediction\batch_prediction\prediction_csv\output.csv
[2025-06-22 18:07:52]   97 | INFO     | Batch prediction pipeline completed successfully.
[2025-06-22 18:07:52]   96 | INFO     | Batch prediction completed.
[2025-06-22 18:09:24]   90 | INFO     | CSV uploaded for batch prediction: raw_data.csv
[2025-06-22 18:09:24]   36 | INFO     | Batch prediction pipeline started.
[2025-06-22 18:09:24]   39 | INFO     | Loading feature engineering pipeline...
[2025-06-22 18:09:24]   42 | INFO     | Loaded feature engineering object from: C:\Projects\Zomato-Delivery-Time-Prediction\Artifacts\Data_Transformation\data tranformation models\feature_eng.pkl
[2025-06-22 18:09:24]   45 | INFO     | Loading preprocessor pipeline...
[2025-06-22 18:09:24]   48 | INFO     | Loaded preprocessor object from: C:\Projects\Zomato-Delivery-Time-Prediction\Artifacts\Data_Transformation\data tranformation models\preprocessor.pkl
[2025-06-22 18:09:24]   51 | INFO     | Loading model...
[2025-06-22 18:09:24]   53 | INFO     | Model loaded from: C:\Projects\Zomato-Delivery-Time-Prediction\Artifacts\Model_Training\model.pkl
[2025-06-22 18:09:24]   60 | INFO     | Raw input saved at: C:\Projects\Zomato-Delivery-Time-Prediction\batch_prediction\raw_input\input_data.csv
[2025-06-22 18:09:24]   63 | INFO     | Applying feature engineering...
[2025-06-22 18:09:24]   59 | INFO     | Initiating feature engineering on dataset...
[2025-06-22 18:09:24]   61 | DEBUG    | Dropping ID column...
[2025-06-22 18:09:24]   64 | DEBUG    | Cleaning latitude and longitude values...
[2025-06-22 18:09:24]   68 | DEBUG    | Dropping invalid latitude and longitude rows...
[2025-06-22 18:09:24]   27 | DEBUG    | Calculating distance using Haversine formula...
[2025-06-22 18:09:24]   45 | INFO     | Distance column successfully calculated and added.
[2025-06-22 18:09:24]   73 | DEBUG    | Creating 'Delivery_person_City' from ID...
[2025-06-22 18:09:25]   76 | DEBUG    | Filling missing values in Delivery_person_Ratings...
[2025-06-22 18:09:25]   79 | DEBUG    | Dropping unnecessary columns post transformation...
[2025-06-22 18:09:25]   84 | INFO     | Feature engineering completed. Returning transformed dataframe.
[2025-06-22 18:09:25]   69 | INFO     | Feature engineered data saved at: C:\Projects\Zomato-Delivery-Time-Prediction\batch_prediction\feature_eng\feature_engineered.csv
[2025-06-22 18:09:25]   74 | INFO     | Dropped target column 'Time_taken (min)' from features.
[2025-06-22 18:09:25]   79 | INFO     | Data after dropping target saved at: C:\Projects\Zomato-Delivery-Time-Prediction\batch_prediction\transformed\features_dropped_target.csv
[2025-06-22 18:09:25]   82 | INFO     | Applying preprocessing transformation...
[2025-06-22 18:09:26]   84 | INFO     | Preprocessing completed. Transformed shape: (41944, 42)
[2025-06-22 18:09:26]   87 | INFO     | Generating predictions...
[2025-06-22 18:09:27]   95 | INFO     | Batch predictions saved to: C:\Projects\Zomato-Delivery-Time-Prediction\batch_prediction\prediction_csv\output.csv
[2025-06-22 18:09:27]   97 | INFO     | Batch prediction pipeline completed successfully.
[2025-06-22 18:09:27]   96 | INFO     | Batch prediction completed.
[2025-06-22 18:09:53]   90 | INFO     | CSV uploaded for batch prediction: raw_data.csv
[2025-06-22 18:09:53]   36 | INFO     | Batch prediction pipeline started.
[2025-06-22 18:09:53]   39 | INFO     | Loading feature engineering pipeline...
[2025-06-22 18:09:53]   42 | INFO     | Loaded feature engineering object from: C:\Projects\Zomato-Delivery-Time-Prediction\Artifacts\Data_Transformation\data tranformation models\feature_eng.pkl
[2025-06-22 18:09:53]   45 | INFO     | Loading preprocessor pipeline...
[2025-06-22 18:09:53]   48 | INFO     | Loaded preprocessor object from: C:\Projects\Zomato-Delivery-Time-Prediction\Artifacts\Data_Transformation\data tranformation models\preprocessor.pkl
[2025-06-22 18:09:53]   51 | INFO     | Loading model...
[2025-06-22 18:09:53]   53 | INFO     | Model loaded from: C:\Projects\Zomato-Delivery-Time-Prediction\Artifacts\Model_Training\model.pkl
[2025-06-22 18:09:54]   60 | INFO     | Raw input saved at: C:\Projects\Zomato-Delivery-Time-Prediction\batch_prediction\raw_input\input_data.csv
[2025-06-22 18:09:54]   63 | INFO     | Applying feature engineering...
[2025-06-22 18:09:54]   59 | INFO     | Initiating feature engineering on dataset...
[2025-06-22 18:09:54]   61 | DEBUG    | Dropping ID column...
[2025-06-22 18:09:54]   64 | DEBUG    | Cleaning latitude and longitude values...
[2025-06-22 18:09:54]   68 | DEBUG    | Dropping invalid latitude and longitude rows...
[2025-06-22 18:09:54]   27 | DEBUG    | Calculating distance using Haversine formula...
[2025-06-22 18:09:54]   45 | INFO     | Distance column successfully calculated and added.
[2025-06-22 18:09:54]   73 | DEBUG    | Creating 'Delivery_person_City' from ID...
[2025-06-22 18:09:54]   76 | DEBUG    | Filling missing values in Delivery_person_Ratings...
[2025-06-22 18:09:54]   79 | DEBUG    | Dropping unnecessary columns post transformation...
[2025-06-22 18:09:54]   84 | INFO     | Feature engineering completed. Returning transformed dataframe.
[2025-06-22 18:09:54]   69 | INFO     | Feature engineered data saved at: C:\Projects\Zomato-Delivery-Time-Prediction\batch_prediction\feature_eng\feature_engineered.csv
[2025-06-22 18:09:54]   74 | INFO     | Dropped target column 'Time_taken (min)' from features.
[2025-06-22 18:09:55]   79 | INFO     | Data after dropping target saved at: C:\Projects\Zomato-Delivery-Time-Prediction\batch_prediction\transformed\features_dropped_target.csv
[2025-06-22 18:09:55]   82 | INFO     | Applying preprocessing transformation...
[2025-06-22 18:09:55]   84 | INFO     | Preprocessing completed. Transformed shape: (41944, 42)
[2025-06-22 18:09:55]   87 | INFO     | Generating predictions...
[2025-06-22 18:09:56]   95 | INFO     | Batch predictions saved to: C:\Projects\Zomato-Delivery-Time-Prediction\batch_prediction\prediction_csv\output.csv
[2025-06-22 18:09:56]   97 | INFO     | Batch prediction pipeline completed successfully.
[2025-06-22 18:09:56]   96 | INFO     | Batch prediction completed.
[2025-06-22 18:10:34]   90 | INFO     | CSV uploaded for batch prediction: raw_data.csv
[2025-06-22 18:10:34]   36 | INFO     | Batch prediction pipeline started.
[2025-06-22 18:10:34]   39 | INFO     | Loading feature engineering pipeline...
[2025-06-22 18:10:34]   42 | INFO     | Loaded feature engineering object from: C:\Projects\Zomato-Delivery-Time-Prediction\Artifacts\Data_Transformation\data tranformation models\feature_eng.pkl
[2025-06-22 18:10:34]   45 | INFO     | Loading preprocessor pipeline...
[2025-06-22 18:10:34]   48 | INFO     | Loaded preprocessor object from: C:\Projects\Zomato-Delivery-Time-Prediction\Artifacts\Data_Transformation\data tranformation models\preprocessor.pkl
[2025-06-22 18:10:34]   51 | INFO     | Loading model...
[2025-06-22 18:10:34]   53 | INFO     | Model loaded from: C:\Projects\Zomato-Delivery-Time-Prediction\Artifacts\Model_Training\model.pkl
[2025-06-22 18:10:34]   60 | INFO     | Raw input saved at: C:\Projects\Zomato-Delivery-Time-Prediction\batch_prediction\raw_input\input_data.csv
[2025-06-22 18:10:34]   63 | INFO     | Applying feature engineering...
[2025-06-22 18:10:34]   59 | INFO     | Initiating feature engineering on dataset...
[2025-06-22 18:10:34]   61 | DEBUG    | Dropping ID column...
[2025-06-22 18:10:34]   64 | DEBUG    | Cleaning latitude and longitude values...
[2025-06-22 18:10:34]   68 | DEBUG    | Dropping invalid latitude and longitude rows...
[2025-06-22 18:10:34]   27 | DEBUG    | Calculating distance using Haversine formula...
[2025-06-22 18:10:34]   45 | INFO     | Distance column successfully calculated and added.
[2025-06-22 18:10:34]   73 | DEBUG    | Creating 'Delivery_person_City' from ID...
[2025-06-22 18:10:34]   76 | DEBUG    | Filling missing values in Delivery_person_Ratings...
[2025-06-22 18:10:34]   79 | DEBUG    | Dropping unnecessary columns post transformation...
[2025-06-22 18:10:34]   84 | INFO     | Feature engineering completed. Returning transformed dataframe.
[2025-06-22 18:10:35]   69 | INFO     | Feature engineered data saved at: C:\Projects\Zomato-Delivery-Time-Prediction\batch_prediction\feature_eng\feature_engineered.csv
[2025-06-22 18:10:35]   74 | INFO     | Dropped target column 'Time_taken (min)' from features.
[2025-06-22 18:10:35]   79 | INFO     | Data after dropping target saved at: C:\Projects\Zomato-Delivery-Time-Prediction\batch_prediction\transformed\features_dropped_target.csv
[2025-06-22 18:10:35]   82 | INFO     | Applying preprocessing transformation...
[2025-06-22 18:10:35]   84 | INFO     | Preprocessing completed. Transformed shape: (41944, 42)
[2025-06-22 18:10:35]   87 | INFO     | Generating predictions...
[2025-06-22 18:10:37]   95 | INFO     | Batch predictions saved to: C:\Projects\Zomato-Delivery-Time-Prediction\batch_prediction\prediction_csv\output.csv
[2025-06-22 18:10:37]   97 | INFO     | Batch prediction pipeline completed successfully.
[2025-06-22 18:10:37]   96 | INFO     | Batch prediction completed.
[2025-06-22 18:11:12]   90 | INFO     | CSV uploaded for batch prediction: raw_data.csv
[2025-06-22 18:11:12]   36 | INFO     | Batch prediction pipeline started.
[2025-06-22 18:11:12]   39 | INFO     | Loading feature engineering pipeline...
[2025-06-22 18:11:12]   42 | INFO     | Loaded feature engineering object from: C:\Projects\Zomato-Delivery-Time-Prediction\Artifacts\Data_Transformation\data tranformation models\feature_eng.pkl
[2025-06-22 18:11:12]   45 | INFO     | Loading preprocessor pipeline...
[2025-06-22 18:11:12]   48 | INFO     | Loaded preprocessor object from: C:\Projects\Zomato-Delivery-Time-Prediction\Artifacts\Data_Transformation\data tranformation models\preprocessor.pkl
[2025-06-22 18:11:12]   51 | INFO     | Loading model...
[2025-06-22 18:11:12]   53 | INFO     | Model loaded from: C:\Projects\Zomato-Delivery-Time-Prediction\Artifacts\Model_Training\model.pkl
[2025-06-22 18:11:13]   60 | INFO     | Raw input saved at: C:\Projects\Zomato-Delivery-Time-Prediction\batch_prediction\raw_input\input_data.csv
[2025-06-22 18:11:13]   63 | INFO     | Applying feature engineering...
[2025-06-22 18:11:13]   59 | INFO     | Initiating feature engineering on dataset...
[2025-06-22 18:11:13]   61 | DEBUG    | Dropping ID column...
[2025-06-22 18:11:13]   64 | DEBUG    | Cleaning latitude and longitude values...
[2025-06-22 18:11:13]   68 | DEBUG    | Dropping invalid latitude and longitude rows...
[2025-06-22 18:11:13]   27 | DEBUG    | Calculating distance using Haversine formula...
[2025-06-22 18:11:13]   45 | INFO     | Distance column successfully calculated and added.
[2025-06-22 18:11:13]   73 | DEBUG    | Creating 'Delivery_person_City' from ID...
[2025-06-22 18:11:13]   76 | DEBUG    | Filling missing values in Delivery_person_Ratings...
[2025-06-22 18:11:13]   79 | DEBUG    | Dropping unnecessary columns post transformation...
[2025-06-22 18:11:13]   84 | INFO     | Feature engineering completed. Returning transformed dataframe.
[2025-06-22 18:11:13]   69 | INFO     | Feature engineered data saved at: C:\Projects\Zomato-Delivery-Time-Prediction\batch_prediction\feature_eng\feature_engineered.csv
[2025-06-22 18:11:13]   74 | INFO     | Dropped target column 'Time_taken (min)' from features.
[2025-06-22 18:11:14]   79 | INFO     | Data after dropping target saved at: C:\Projects\Zomato-Delivery-Time-Prediction\batch_prediction\transformed\features_dropped_target.csv
[2025-06-22 18:11:14]   82 | INFO     | Applying preprocessing transformation...
[2025-06-22 18:11:14]   84 | INFO     | Preprocessing completed. Transformed shape: (41944, 42)
[2025-06-22 18:11:14]   87 | INFO     | Generating predictions...
[2025-06-22 18:11:15]   95 | INFO     | Batch predictions saved to: C:\Projects\Zomato-Delivery-Time-Prediction\batch_prediction\prediction_csv\output.csv
[2025-06-22 18:11:15]   97 | INFO     | Batch prediction pipeline completed successfully.
[2025-06-22 18:11:15]   96 | INFO     | Batch prediction completed.
[2025-06-22 18:11:45]   90 | INFO     | CSV uploaded for batch prediction: raw_data.csv
[2025-06-22 18:11:45]   36 | INFO     | Batch prediction pipeline started.
[2025-06-22 18:11:45]   39 | INFO     | Loading feature engineering pipeline...
[2025-06-22 18:11:45]   42 | INFO     | Loaded feature engineering object from: C:\Projects\Zomato-Delivery-Time-Prediction\Artifacts\Data_Transformation\data tranformation models\feature_eng.pkl
[2025-06-22 18:11:45]   45 | INFO     | Loading preprocessor pipeline...
[2025-06-22 18:11:45]   48 | INFO     | Loaded preprocessor object from: C:\Projects\Zomato-Delivery-Time-Prediction\Artifacts\Data_Transformation\data tranformation models\preprocessor.pkl
[2025-06-22 18:11:45]   51 | INFO     | Loading model...
[2025-06-22 18:11:45]   53 | INFO     | Model loaded from: C:\Projects\Zomato-Delivery-Time-Prediction\Artifacts\Model_Training\model.pkl
[2025-06-22 18:11:46]   60 | INFO     | Raw input saved at: C:\Projects\Zomato-Delivery-Time-Prediction\batch_prediction\raw_input\input_data.csv
[2025-06-22 18:11:46]   63 | INFO     | Applying feature engineering...
[2025-06-22 18:11:46]   59 | INFO     | Initiating feature engineering on dataset...
[2025-06-22 18:11:46]   61 | DEBUG    | Dropping ID column...
[2025-06-22 18:11:46]   64 | DEBUG    | Cleaning latitude and longitude values...
[2025-06-22 18:11:46]   68 | DEBUG    | Dropping invalid latitude and longitude rows...
[2025-06-22 18:11:46]   27 | DEBUG    | Calculating distance using Haversine formula...
[2025-06-22 18:11:46]   45 | INFO     | Distance column successfully calculated and added.
[2025-06-22 18:11:46]   73 | DEBUG    | Creating 'Delivery_person_City' from ID...
[2025-06-22 18:11:46]   76 | DEBUG    | Filling missing values in Delivery_person_Ratings...
[2025-06-22 18:11:46]   79 | DEBUG    | Dropping unnecessary columns post transformation...
[2025-06-22 18:11:46]   84 | INFO     | Feature engineering completed. Returning transformed dataframe.
[2025-06-22 18:11:47]   69 | INFO     | Feature engineered data saved at: C:\Projects\Zomato-Delivery-Time-Prediction\batch_prediction\feature_eng\feature_engineered.csv
[2025-06-22 18:11:47]   74 | INFO     | Dropped target column 'Time_taken (min)' from features.
[2025-06-22 18:11:47]   79 | INFO     | Data after dropping target saved at: C:\Projects\Zomato-Delivery-Time-Prediction\batch_prediction\transformed\features_dropped_target.csv
[2025-06-22 18:11:47]   82 | INFO     | Applying preprocessing transformation...
[2025-06-22 18:11:47]   84 | INFO     | Preprocessing completed. Transformed shape: (41944, 42)
[2025-06-22 18:11:47]   87 | INFO     | Generating predictions...
[2025-06-22 18:11:49]   95 | INFO     | Batch predictions saved to: C:\Projects\Zomato-Delivery-Time-Prediction\batch_prediction\prediction_csv\output.csv
[2025-06-22 18:11:49]   97 | INFO     | Batch prediction pipeline completed successfully.
[2025-06-22 18:11:49]   96 | INFO     | Batch prediction completed.
[2025-06-22 18:11:55]   90 | INFO     | CSV uploaded for batch prediction: raw_data.csv
[2025-06-22 18:11:55]   36 | INFO     | Batch prediction pipeline started.
[2025-06-22 18:11:55]   39 | INFO     | Loading feature engineering pipeline...
[2025-06-22 18:11:55]   42 | INFO     | Loaded feature engineering object from: C:\Projects\Zomato-Delivery-Time-Prediction\Artifacts\Data_Transformation\data tranformation models\feature_eng.pkl
[2025-06-22 18:11:55]   45 | INFO     | Loading preprocessor pipeline...
[2025-06-22 18:11:55]   48 | INFO     | Loaded preprocessor object from: C:\Projects\Zomato-Delivery-Time-Prediction\Artifacts\Data_Transformation\data tranformation models\preprocessor.pkl
[2025-06-22 18:11:55]   51 | INFO     | Loading model...
[2025-06-22 18:11:55]   53 | INFO     | Model loaded from: C:\Projects\Zomato-Delivery-Time-Prediction\Artifacts\Model_Training\model.pkl
[2025-06-22 18:11:56]   60 | INFO     | Raw input saved at: C:\Projects\Zomato-Delivery-Time-Prediction\batch_prediction\raw_input\input_data.csv
[2025-06-22 18:11:56]   63 | INFO     | Applying feature engineering...
[2025-06-22 18:11:56]   59 | INFO     | Initiating feature engineering on dataset...
[2025-06-22 18:11:56]   61 | DEBUG    | Dropping ID column...
[2025-06-22 18:11:56]   64 | DEBUG    | Cleaning latitude and longitude values...
[2025-06-22 18:11:56]   68 | DEBUG    | Dropping invalid latitude and longitude rows...
[2025-06-22 18:11:56]   27 | DEBUG    | Calculating distance using Haversine formula...
[2025-06-22 18:11:56]   45 | INFO     | Distance column successfully calculated and added.
[2025-06-22 18:11:56]   73 | DEBUG    | Creating 'Delivery_person_City' from ID...
[2025-06-22 18:11:56]   76 | DEBUG    | Filling missing values in Delivery_person_Ratings...
[2025-06-22 18:11:56]   79 | DEBUG    | Dropping unnecessary columns post transformation...
[2025-06-22 18:11:56]   84 | INFO     | Feature engineering completed. Returning transformed dataframe.
[2025-06-22 18:11:57]   69 | INFO     | Feature engineered data saved at: C:\Projects\Zomato-Delivery-Time-Prediction\batch_prediction\feature_eng\feature_engineered.csv
[2025-06-22 18:11:57]   74 | INFO     | Dropped target column 'Time_taken (min)' from features.
[2025-06-22 18:11:57]   79 | INFO     | Data after dropping target saved at: C:\Projects\Zomato-Delivery-Time-Prediction\batch_prediction\transformed\features_dropped_target.csv
[2025-06-22 18:11:57]   82 | INFO     | Applying preprocessing transformation...
[2025-06-22 18:11:57]   84 | INFO     | Preprocessing completed. Transformed shape: (41944, 42)
[2025-06-22 18:11:57]   87 | INFO     | Generating predictions...
[2025-06-22 18:11:59]   95 | INFO     | Batch predictions saved to: C:\Projects\Zomato-Delivery-Time-Prediction\batch_prediction\prediction_csv\output.csv
[2025-06-22 18:11:59]   97 | INFO     | Batch prediction pipeline completed successfully.
[2025-06-22 18:11:59]   96 | INFO     | Batch prediction completed.
[2025-06-22 18:15:34]  110 | INFO     | Starting training pipeline...
[2025-06-22 18:15:34]   15 | INFO     | Starting the Pipeline...
[2025-06-22 18:15:34]   17 | INFO     | Starting data ingestion...
[2025-06-22 18:15:34]   68 | INFO     | Running the Data Ingestion Pipeline...
[2025-06-22 18:15:34]   24 | INFO     | Data Ingestion process started.
[2025-06-22 18:15:34]   25 | DEBUG    | Configuration used: DataIngestionConfig(raw_data_path='C:\\Projects\\Zomato-Delivery-Time-Prediction\\Artifacts\\Data_Ingestion\\raw_data.csv', train_data_path='C:\\Projects\\Zomato-Delivery-Time-Prediction\\Artifacts\\Data_Ingestion\\train.csv', test_data_path='C:\\Projects\\Zomato-Delivery-Time-Prediction\\Artifacts\\Data_Ingestion\\test.csv', data_link='https://github.com/ArpitKadam/Zomato-Delivery-Time-Prediction/raw/refs/heads/main/Research/data.csv')
[2025-06-22 18:15:34]   29 | DEBUG    | Ensured directory exists for raw data path: C:\Projects\Zomato-Delivery-Time-Prediction\Artifacts\Data_Ingestion\raw_data.csv
[2025-06-22 18:15:34]   32 | INFO     | Downloading data from https://github.com/ArpitKadam/Zomato-Delivery-Time-Prediction/raw/refs/heads/main/Research/data.csv
[2025-06-22 18:15:41]   14 | INFO     | Data downloaded successfully from https://github.com/ArpitKadam/Zomato-Delivery-Time-Prediction/raw/refs/heads/main/Research/data.csv and saved to C:\Projects\Zomato-Delivery-Time-Prediction\Artifacts\Data_Ingestion\raw_data.csv
[2025-06-22 18:15:41]   34 | INFO     | Data downloaded successfully.
[2025-06-22 18:15:41]   37 | DEBUG    | Reading the raw CSV data...
[2025-06-22 18:15:41]   39 | INFO     | Raw data read successfully with shape: (45584, 20)
[2025-06-22 18:15:41]   42 | INFO     | Splitting raw data into training and test sets...
[2025-06-22 18:15:41]   44 | INFO     | Data split: Train Shape = (36467, 20), Test Shape = (9117, 20)
[2025-06-22 18:15:41]   49 | DEBUG    | Output directories verified.
[2025-06-22 18:15:42]   53 | INFO     | Train data saved at: C:\Projects\Zomato-Delivery-Time-Prediction\Artifacts\Data_Ingestion\train.csv
[2025-06-22 18:15:42]   54 | INFO     | Test data saved at: C:\Projects\Zomato-Delivery-Time-Prediction\Artifacts\Data_Ingestion\test.csv
[2025-06-22 18:15:42]   56 | INFO     | Data Ingestion completed successfully.
[2025-06-22 18:15:42]   70 | INFO     | Data Ingestion Pipeline completed.
[2025-06-22 18:15:42]   19 | INFO     | Data ingestion completed.
[2025-06-22 18:15:42]   21 | INFO     | Starting data transformation...
[2025-06-22 18:15:42]  156 | INFO     | Starting full data transformation process...
[2025-06-22 18:15:42]  159 | DEBUG    | Train shape: (36467, 20), Test shape: (9117, 20)
[2025-06-22 18:15:42]  147 | INFO     | Creating feature engineering pipeline...
[2025-06-22 18:15:42]   59 | INFO     | Initiating feature engineering on dataset...
[2025-06-22 18:15:42]   61 | DEBUG    | Dropping ID column...
[2025-06-22 18:15:42]   64 | DEBUG    | Cleaning latitude and longitude values...
[2025-06-22 18:15:42]   68 | DEBUG    | Dropping invalid latitude and longitude rows...
[2025-06-22 18:15:42]   27 | DEBUG    | Calculating distance using Haversine formula...
[2025-06-22 18:15:42]   45 | INFO     | Distance column successfully calculated and added.
[2025-06-22 18:15:42]   73 | DEBUG    | Creating 'Delivery_person_City' from ID...
[2025-06-22 18:15:42]   76 | DEBUG    | Filling missing values in Delivery_person_Ratings...
[2025-06-22 18:15:42]   79 | DEBUG    | Dropping unnecessary columns post transformation...
[2025-06-22 18:15:42]   84 | INFO     | Feature engineering completed. Returning transformed dataframe.
[2025-06-22 18:15:42]   59 | INFO     | Initiating feature engineering on dataset...
[2025-06-22 18:15:42]   61 | DEBUG    | Dropping ID column...
[2025-06-22 18:15:42]   64 | DEBUG    | Cleaning latitude and longitude values...
[2025-06-22 18:15:42]   68 | DEBUG    | Dropping invalid latitude and longitude rows...
[2025-06-22 18:15:42]   27 | DEBUG    | Calculating distance using Haversine formula...
[2025-06-22 18:15:42]   45 | INFO     | Distance column successfully calculated and added.
[2025-06-22 18:15:42]   73 | DEBUG    | Creating 'Delivery_person_City' from ID...
[2025-06-22 18:15:42]   76 | DEBUG    | Filling missing values in Delivery_person_Ratings...
[2025-06-22 18:15:42]   79 | DEBUG    | Dropping unnecessary columns post transformation...
[2025-06-22 18:15:42]   84 | INFO     | Feature engineering completed. Returning transformed dataframe.
[2025-06-22 18:15:42]  104 | INFO     | Creating data transformation pipeline...
[2025-06-22 18:15:42]  113 | DEBUG    | Defined column groups. Ordinal: ['Weather_conditions', 'Road_traffic_density'], Numerical: ['Delivery_person_Age', 'Delivery_person_Ratings', 'Vehicle_condition', 'multiple_deliveries', 'distance'], Categorical: ['Type_of_order', 'Type_of_vehicle', 'Festival', 'City', 'Delivery_person_City']
[2025-06-22 18:15:42]  138 | INFO     | Data transformation pipelines created successfully.
[2025-06-22 18:15:42]  173 | DEBUG    | Fitting and transforming training data...
[2025-06-22 18:15:42]  175 | DEBUG    | Transforming testing data...
[2025-06-22 18:15:44]  190 | INFO     | Data transformation pipeline completed and artifacts saved.
[2025-06-22 18:15:44]   25 | INFO     | Data transformation completed.
[2025-06-22 18:15:44]   27 | INFO     | Starting model training...
[2025-06-22 18:15:44]   29 | INFO     | Starting model training process...
[2025-06-22 18:15:44]   30 | INFO     | Splitting the train and test arrays
[2025-06-22 18:15:44]   87 | INFO     | Evaluating all models using cross-validation...
[2025-06-22 18:15:44]   35 | INFO     | Starting GridSearchCV for: LinearRegression
[2025-06-22 18:15:46]   41 | INFO     | Best params for LinearRegression: {}
[2025-06-22 18:15:46]   45 | INFO     | Model LinearRegression trained with best parameters.
[2025-06-22 18:15:46]   71 | INFO     | Evaluation completed for LinearRegression with Test R2: 0.5224
[2025-06-22 18:15:46]   35 | INFO     | Starting GridSearchCV for: Lasso
[2025-06-22 18:15:58]   41 | INFO     | Best params for Lasso: {'alpha': 0.01, 'max_iter': 1000}
[2025-06-22 18:16:04]   45 | INFO     | Model Lasso trained with best parameters.
[2025-06-22 18:16:04]   71 | INFO     | Evaluation completed for Lasso with Test R2: 0.5226
[2025-06-22 18:16:04]   35 | INFO     | Starting GridSearchCV for: Ridge
[2025-06-22 18:16:05]   41 | INFO     | Best params for Ridge: {'alpha': 0.1, 'solver': 'auto'}
[2025-06-22 18:16:05]   45 | INFO     | Model Ridge trained with best parameters.
[2025-06-22 18:16:05]   71 | INFO     | Evaluation completed for Ridge with Test R2: 0.5224
[2025-06-22 18:16:05]   35 | INFO     | Starting GridSearchCV for: ElasticNet
[2025-06-22 18:16:29]   41 | INFO     | Best params for ElasticNet: {'alpha': 0.01, 'l1_ratio': 0.9, 'max_iter': 1000}
[2025-06-22 18:16:36]   45 | INFO     | Model ElasticNet trained with best parameters.
[2025-06-22 18:16:36]   71 | INFO     | Evaluation completed for ElasticNet with Test R2: 0.5225
[2025-06-22 18:16:36]   35 | INFO     | Starting GridSearchCV for: KNeighborsRegressor
[2025-06-22 18:16:42]   41 | INFO     | Best params for KNeighborsRegressor: {'n_neighbors': 9, 'weights': 'distance'}
[2025-06-22 18:16:42]   45 | INFO     | Model KNeighborsRegressor trained with best parameters.
[2025-06-22 18:16:46]   71 | INFO     | Evaluation completed for KNeighborsRegressor with Test R2: 0.4852
[2025-06-22 18:16:46]   35 | INFO     | Starting GridSearchCV for: DecisionTreeRegressor
[2025-06-22 18:16:47]   41 | INFO     | Best params for DecisionTreeRegressor: {'criterion': 'friedman_mse', 'max_depth': 10}
[2025-06-22 18:16:48]   45 | INFO     | Model DecisionTreeRegressor trained with best parameters.
[2025-06-22 18:16:48]   71 | INFO     | Evaluation completed for DecisionTreeRegressor with Test R2: 0.7734
[2025-06-22 18:16:48]   35 | INFO     | Starting GridSearchCV for: RandomForestRegressor
[2025-06-22 18:19:11]   41 | INFO     | Best params for RandomForestRegressor: {'bootstrap': True, 'max_depth': None, 'n_estimators': 150}
[2025-06-22 18:19:34]   45 | INFO     | Model RandomForestRegressor trained with best parameters.
[2025-06-22 18:19:35]   71 | INFO     | Evaluation completed for RandomForestRegressor with Test R2: 0.8067
[2025-06-22 18:19:35]   35 | INFO     | Starting GridSearchCV for: GradientBoostingRegressor
[2025-06-22 18:21:56]   41 | INFO     | Best params for GradientBoostingRegressor: {'learning_rate': 0.1, 'max_depth': 5, 'n_estimators': 150}
[2025-06-22 18:22:05]   45 | INFO     | Model GradientBoostingRegressor trained with best parameters.
[2025-06-22 18:22:05]   71 | INFO     | Evaluation completed for GradientBoostingRegressor with Test R2: 0.8048
[2025-06-22 18:22:05]   35 | INFO     | Starting GridSearchCV for: XGBRegressor
[2025-06-22 18:24:21]   41 | INFO     | Best params for XGBRegressor: {'learning_rate': 0.1, 'max_depth': 5, 'n_estimators': 150, 'reg_alpha': 1, 'reg_lambda': 1}
[2025-06-22 18:24:22]   45 | INFO     | Model XGBRegressor trained with best parameters.
[2025-06-22 18:24:22]   71 | INFO     | Evaluation completed for XGBRegressor with Test R2: 0.8057
[2025-06-22 18:24:22]   73 | INFO     | All models evaluated successfully.
[2025-06-22 18:24:22]   90 | INFO     | Finding the best performing model based on test R2 score...
[2025-06-22 18:24:22]   96 | INFO     | Best model: RandomForestRegressor with test R2 score: 0.8067
[2025-06-22 18:24:22]   97 | INFO     | Hyperparameters used: {'n_estimators': [50, 100, 150], 'max_depth': [None, 10], 'bootstrap': [True, False]}
[2025-06-22 18:24:22]   99 | INFO     | Saving the best model object...
[2025-06-22 18:24:22]  101 | INFO     | Model saved successfully at C:\Projects\Zomato-Delivery-Time-Prediction\Artifacts\Model_Training\model.pkl
[2025-06-22 18:24:22]  109 | INFO     | {'best_model_name': 'RandomForestRegressor', 'best_model_score': 0.806720091061492, 'best_model_params': {'n_estimators': [50, 100, 150], 'max_depth': [None, 10], 'bootstrap': [True, False]}, 'metrics_report': {'LinearRegression': {'train_r2_score': 0.5304521264494316, 'test_r2_score': 0.5223603896641009, 'train_mae_score': 5.102744050835708, 'test_mae_score': 5.145289362485762, 'train_mse_score': 41.285133810595205, 'test_mse_score': 42.18988418447293, 'train_rmse_score': 6.4253508706214015, 'test_rmse_score': 6.4953740603965935, 'best_params': {}}, 'Lasso': {'train_r2_score': 0.5304167098034698, 'test_r2_score': 0.5225548094668615, 'train_mae_score': 5.103115817189664, 'test_mae_score': 5.1443278987905305, 'train_mse_score': 41.28824782952707, 'test_mse_score': 42.172711092492825, 'train_rmse_score': 6.425593188922488, 'test_rmse_score': 6.494051977963591, 'best_params': {'alpha': 0.01, 'max_iter': 1000}}, 'Ridge': {'train_r2_score': 0.5304521264470954, 'test_r2_score': 0.5223604079852326, 'train_mae_score': 5.102744193969675, 'test_mae_score': 5.145289347939065, 'train_mse_score': 41.285133810800616, 'test_mse_score': 42.18988256616822, 'train_rmse_score': 6.425350870637386, 'test_rmse_score': 6.495373935822958, 'best_params': {'alpha': 0.1, 'solver': 'auto'}}, 'ElasticNet': {'train_r2_score': 0.5304204354307738, 'test_r2_score': 0.522541570179154, 'train_mae_score': 5.1031272200206725, 'test_mae_score': 5.14441334859271, 'train_mse_score': 41.28792025265911, 'test_mse_score': 42.1738805181497, 'train_rmse_score': 6.425567698862032, 'test_rmse_score': 6.494142015551377, 'best_params': {'alpha': 0.01, 'l1_ratio': 0.9, 'max_iter': 1000}}, 'KNeighborsRegressor': {'train_r2_score': 0.9999815071372763, 'test_r2_score': 0.48523924860340406, 'train_mae_score': 0.0004038276631760038, 'test_mae_score': 5.313776014228696, 'train_mse_score': 0.0016259903517775744, 'test_mse_score': 45.46879281821228, 'train_rmse_score': 0.04032357067246866, 'test_rmse_score': 6.743055154617399, 'best_params': {'n_neighbors': 9, 'weights': 'distance'}}, 'DecisionTreeRegressor': {'train_r2_score': 0.8055673280054574, 'test_r2_score': 0.7733876312620377, 'train_mae_score': 3.2584563597805625, 'test_mae_score': 3.517184348277713, 'train_mse_score': 17.09554942661616, 'test_mse_score': 20.016659809893333, 'train_rmse_score': 4.134676459726463, 'test_rmse_score': 4.473998190644844, 'best_params': {'criterion': 'friedman_mse', 'max_depth': 10}}, 'RandomForestRegressor': {'train_r2_score': 0.973988199916857, 'test_r2_score': 0.806720091061492, 'train_mae_score': 1.1870102795998145, 'test_mae_score': 3.237236963879634, 'train_mse_score': 2.287095113361971, 'test_mse_score': 17.072405212722042, 'train_rmse_score': 1.5123144889082993, 'test_rmse_score': 4.131876717996562, 'best_params': {'bootstrap': True, 'max_depth': None, 'n_estimators': 150}}, 'GradientBoostingRegressor': {'train_r2_score': 0.8274581153316724, 'test_r2_score': 0.8047691335081424, 'train_mae_score': 3.1151435879370744, 'test_mae_score': 3.3048848873519634, 'train_mse_score': 15.170795562546681, 'test_mse_score': 17.244733201112194, 'train_rmse_score': 3.8949705470705016, 'test_rmse_score': 4.152677834977353, 'best_params': {'learning_rate': 0.1, 'max_depth': 5, 'n_estimators': 150}}, 'XGBRegressor': {'train_r2_score': 0.8275973682659199, 'test_r2_score': 0.805703676475131, 'train_mae_score': 3.105802632714569, 'test_mae_score': 3.288735965386508, 'train_mse_score': 15.158551707664628, 'test_mse_score': 17.16218506505008, 'train_rmse_score': 3.893398477893655, 'test_rmse_score': 4.142726766883145, 'best_params': {'learning_rate': 0.1, 'max_depth': 5, 'n_estimators': 150, 'reg_alpha': 1, 'reg_lambda': 1}}}}
[2025-06-22 18:24:22]  117 | INFO     | Report saved successfully at C:\Projects\Zomato-Delivery-Time-Prediction\Artifacts\Model_Training\report.json
[2025-06-22 18:24:22]   30 | INFO     | Model training completed.
[2025-06-22 18:24:22]   32 | INFO     | Pipeline execution completed successfully.
[2025-06-22 18:24:22]  114 | INFO     | Model training completed successfully.
